// Jest Snapshot v1, https://goo.gl/fbAQLP

exports[`Pruebas en el archivo GifGridItem Debe de comparar correctamente con la imagen 1`] = `
<div
  className="gif__item animate__animated animate__fadeIn animate__slow"
>
  <img
    alt="one punch GIF by Adult Swim"
    className="gif__image"
    src="https://media3.giphy.com/media/l3vRlt8kty8KKeHni/giphy.gif?c…79ada6yamuui69bx0aw98l98cmx34tfeggl0dxngpdpk1a&rid=giphy.gif"
  />
  <h3
    className="gif__title"
  >
    one punch GIF by Adult Swim
  </h3>
</div>
`;
